warning: unused imports: `GREEN`, `NoElement`, `TRANSPARENT`, `map_state`, and `run_once`
  --> crates\app\src\main.rs:24:41
   |
24 |     core::{MessageProxy, MessageResult, NoElement, fork, lens, map_state, run_once},
   |                                         ^^^^^^^^^              ^^^^^^^^^  ^^^^^^^^
25 |     masonry::properties::types::{AsUnit, Length, UnitPoint},
26 |     palette::css::{BLUE, GREEN, TRANSPARENT, YELLOW},
   |                          ^^^^^  ^^^^^^^^^^^
   |
   = note: `#[warn(unused_imports)]` on by default

warning: unused variable: `i`
   --> crates\app\src\main.rs:142:36
    |
142 | ...                   .map(|(i, miss)| {
    |                              ^ help: if this is intentional, prefix it with an underscore: `_i`
    |
    = note: `#[warn(unused_variables)]` on by default

warning: function `tboxes_example` is never used
   --> crates\app\src\main.rs:559:4
    |
559 | fn tboxes_example<State>() -> impl WidgetView<State> + use<State>
    |    ^^^^^^^^^^^^^^
    |
    = note: `#[warn(dead_code)]` on by default

warning: function `tbox` is never used
  --> crates\app\src\box_view.rs:12:15
   |
12 | pub(crate) fn tbox<State>(pos: impl Into<Vec2>, size: impl Into<Size>) -> impl WidgetView<State>
   |               ^^^^

warning: struct `TBoxView` is never constructed
  --> crates\app\src\box_view.rs:21:19
   |
21 | pub(crate) struct TBoxView {
   |                   ^^^^^^^^

warning: type alias `TextState` is never used
  --> crates\app\src\box_view\widget.rs:28:6
   |
28 | type TextState = ();
   |      ^^^^^^^^^

warning: associated function `new` is never used
  --> crates\app\src\box_view\widget.rs:31:19
   |
30 | impl TBox {
   | --------- associated function in this implementation
31 |     pub(crate) fn new(state: TBoxState) -> Self {
   |                   ^^^

warning: `app` (bin "app" test) generated 7 warnings (run `cargo fix --bin "app" --tests` to apply 1 suggestion)
    Finished `test` profile [unoptimized + debuginfo] target(s) in 0.77s
     Running unittests src\main.rs (D:\.cargo\target\debug\deps\app-8c6c97f8a86c6455.exe)
Estimating resolution as 1288
